// Jest Snapshot v1, https://goo.gl/fbAQLP

exports[`H1 Component should match snapshots 1`] = `
<Text
  style={
    {
      "color": "#132631",
      "fontSize": 24,
      "fontWeight": "600",
    }
  }
>
  Test Heading
</Text>
`;
