// Jest Snapshot v1, https://goo.gl/fbAQLP

exports[`Button Component should match snapshots 1`] = `
<View
  accessibilityState={
    {
      "busy": undefined,
      "checked": undefined,
      "disabled": undefined,
      "expanded": undefined,
      "selected": undefined,
    }
  }
  accessibilityValue={
    {
      "max": undefined,
      "min": undefined,
      "now": undefined,
      "text": undefined,
    }
  }
  accessible={true}
  collapsable={false}
  focusable={true}
  onBlur={[Function]}
  onClick={[Function]}
  onFocus={[Function]}
  onResponderGrant={[Function]}
  onResponderMove={[Function]}
  onResponderRelease={[Function]}
  onResponderTerminate={[Function]}
  onResponderTerminationRequest={[Function]}
  onStartShouldSetResponder={[Function]}
  style={
    [
      {
        "opacity": 1,
      },
      {
        "alignItems": "center",
        "backgroundColor": "#D80064",
        "borderRadius": 16,
        "marginVertical": 8,
        "padding": 16,
      },
      undefined,
    ]
  }
>
  <Text>
    Press me
  </Text>
</View>
`;
